// Jest Snapshot v1, https://goo.gl/fbAQLP

exports[`Color component renders color 1`] = `ShallowWrapper {}`;
