// Jest Snapshot v1, https://goo.gl/fbAQLP

exports[`Dog component renders a Dog 1`] = `
<ul>
  <li>
    Name: 
    Saturday
  </li>
  <li>
    Age: 
    Infinity
  </li>
  <li>
    Weight: 
    15 lbs
  </li>
  <li>
    Favorite Food: 
    Watermelon
  </li>
</ul>
`;
